// 重构日志: 9a1988ed
// 重构日志: f7f66234
// 重构日志: cf77bb98
// 重构日志: d0c4501d
// 同步 ID: dba9dc99 @ Thu Jul  2 12:06:14 UTC 2026
// 同步 ID: b3f3066d @ Sat Jul  4 08:03:38 UTC 2026
// 重构日志: 1f7b003f
// 重构日志: afeab9ce
// 重构日志: eac2279d
// 重构日志: a2440b57
// 重构日志: bb18af8b
// 同步 ID: 40e80a03 @ Wed Jul 15 08:15:43 UTC 2026
// 同步 ID: c2cd3256 @ Wed Jul 15 21:36:19 UTC 2026
// 同步 ID: c3ae410e @ Sat Jul 18 15:39:36 UTC 2026
// 同步 ID: 98c07381 @ Wed Jul 22 09:57:43 UTC 2026
// 重构日志: 6b77bb7a
// 重构日志: af302fc8
// 重构日志: dd473a4a
// 同步 ID: 330b5dd0 @ Fri Jul 24 15:42:16 UTC 2026
// 重构日志: ed8777f9
// 重构日志: 1709a5b6
// 同步 ID: 410967e6 @ Sun Jul 26 04:10:36 UTC 2026
// 同步 ID: 675bb482 @ Sun Jul 26 06:55:04 UTC 2026
// 同步 ID: 4f9db182 @ Sun Jul 26 21:47:36 UTC 2026
// 同步 ID: 84821521 @ Mon Jul 27 13:28:42 UTC 2026
// 重构日志: 492f4e27
// 同步 ID: 59b150fc @ Thu Jul 30 03:28:43 UTC 2026
